To honour the JVM settings for this build a single-use Daemon process will be forked. For more on this, please refer to https://docs.gradle.org/8.8/userguide/gradle_daemon.html#sec:disabling_the_daemon in the Gradle documentation.
Daemon will be stopped at the end of the build 

> Configure project :
Java: 17.0.20, JVM: 17.0.20+8-1-24.04-Ubuntu (Ubuntu), Arch: amd64
Failed to retrieve asset index ID
java.net.SocketException: Network is unreachable
	at java.base/sun.nio.ch.Net.connect0(Native Method)
	at java.base/sun.nio.ch.Net.connect(Net.java:591)
	at java.base/sun.nio.ch.Net.connect(Net.java:580)
	at java.base/sun.nio.ch.NioSocketImpl.connect(NioSocketImpl.java:593)
	at java.base/java.net.Socket.connect(Socket.java:633)
	at java.base/java.net.Socket.connect(Socket.java:583)
	at java.base/sun.net.NetworkClient.doConnect(NetworkClient.java:183)
	at java.base/sun.net.www.http.HttpClient.openServer(HttpClient.java:533)
	at java.base/sun.net.www.http.HttpClient$1.run(HttpClient.java:592)
	at java.base/sun.net.www.http.HttpClient$1.run(HttpClient.java:590)
	at java.base/java.security.AccessController.doPrivileged(AccessController.java:569)
	at java.base/sun.net.www.http.HttpClient.privilegedOpenServer(HttpClient.java:589)
	at java.base/sun.net.www.http.HttpClient.openServer(HttpClient.java:633)
	at java.base/sun.net.www.protocol.https.HttpsClient.<init>(HttpsClient.java:267)
	at java.base/sun.net.www.protocol.https.HttpsClient.New(HttpsClient.java:381)
	at java.base/sun.net.www.protocol.https.AbstractDelegateHttpsURLConnection.getNewHttpClient(AbstractDelegateHttpsURLConnection.java:205)
	at java.base/sun.net.www.protocol.http.HttpURLConnection.plainConnect0(HttpURLConnection.java:1283)
	at java.base/sun.net.www.protocol.http.HttpURLConnection.plainConnect(HttpURLConnection.java:1148)
	at java.base/sun.net.www.protocol.http.HttpURLConnection.connect(HttpURLConnection.java:1077)
	at java.base/sun.net.www.protocol.https.AbstractDelegateHttpsURLConnection.connect(AbstractDelegateHttpsURLConnection.java:181)
	at java.base/sun.net.www.protocol.http.HttpURLConnection.getInputStream0(HttpURLConnection.java:1717)
	at java.base/sun.net.www.protocol.http.HttpURLConnection.getInputStream(HttpURLConnection.java:1641)
	at java.base/sun.net.www.protocol.https.HttpsURLConnectionImpl.getInputStream(HttpsURLConnectionImpl.java:224)
	at java.base/java.net.URL.openStream(URL.java:1161)
	at net.minecraftforge.gradle.common.tasks.DownloadMCMeta.downloadMCMeta(DownloadMCMeta.java:38)
	at net.minecraftforge.gradle.userdev.UserDevPlugin.lambda$apply$26(UserDevPlugin.java:300)
	at org.gradle.internal.code.DefaultUserCodeApplicationContext$CurrentApplication$1.execute(DefaultUserCodeApplicationContext.java:123)
	at org.gradle.configuration.internal.DefaultListenerBuildOperationDecorator$BuildOperationEmittingAction$1.run(DefaultListenerBuildOperationDecorator.java:173)
	at org.gradle.internal.operations.DefaultBuildOperationRunner$1.execute(DefaultBuildOperationRunner.java:29)
	at org.gradle.internal.operations.DefaultBuildOperationRunner$1.execute(DefaultBuildOperationRunner.java:26)
	at org.gradle.internal.operations.DefaultBuildOperationRunner$2.execute(DefaultBuildOperationRunner.java:66)
	at org.gradle.internal.operations.DefaultBuildOperationRunner$2.execute(DefaultBuildOperationRunner.java:59)
	at org.gradle.internal.operations.DefaultBuildOperationRunner.execute(DefaultBuildOperationRunner.java:166)
	at org.gradle.internal.operations.DefaultBuildOperationRunner.execute(DefaultBuildOperationRunner.java:59)
	at org.gradle.internal.operations.DefaultBuildOperationRunner.run(DefaultBuildOperationRunner.java:47)
	at org.gradle.configuration.internal.DefaultListenerBuildOperationDecorator$BuildOperationEmittingAction.execute(DefaultListenerBuildOperationDecorator.java:170)
	at org.gradle.internal.event.BroadcastDispatch$ActionInvocationHandler.dispatch(BroadcastDispatch.java:99)
	at org.gradle.internal.event.BroadcastDispatch$ActionInvocationHandler.dispatch(BroadcastDispatch.java:87)
	at org.gradle.internal.event.AbstractBroadcastDispatch.dispatch(AbstractBroadcastDispatch.java:43)
	at org.gradle.internal.event.BroadcastDispatch$SingletonDispatch.dispatch(BroadcastDispatch.java:268)
	at org.gradle.internal.event.BroadcastDispatch$SingletonDispatch.dispatch(BroadcastDispatch.java:170)
	at org.gradle.internal.event.AbstractBroadcastDispatch.dispatch(AbstractBroadcastDispatch.java:83)
	at org.gradle.internal.event.AbstractBroadcastDispatch.dispatch(AbstractBroadcastDispatch.java:69)
	at org.gradle.internal.event.BroadcastDispatch$CompositeDispatch.dispatch(BroadcastDispatch.java:381)
	at org.gradle.internal.event.BroadcastDispatch$CompositeDispatch.dispatch(BroadcastDispatch.java:272)
	at org.gradle.internal.event.ListenerBroadcast.dispatch(ListenerBroadcast.java:148)
	at org.gradle.internal.event.ListenerBroadcast.dispatch(ListenerBroadcast.java:37)
	at org.gradle.internal.dispatch.ProxyDispatchAdapter$DispatchingInvocationHandler.invoke(ProxyDispatchAdapter.java:94)
	at jdk.proxy1/jdk.proxy1.$Proxy64.afterEvaluate(Unknown Source)
	at org.gradle.configuration.project.LifecycleProjectEvaluator$NotifyAfterEvaluate$1.execute(LifecycleProjectEvaluator.java:247)
	at org.gradle.configuration.project.LifecycleProjectEvaluator$NotifyAfterEvaluate$1.execute(LifecycleProjectEvaluator.java:244)
	at org.gradle.api.internal.project.DefaultProject.stepEvaluationListener(DefaultProject.java:1492)
	at org.gradle.configuration.project.LifecycleProjectEvaluator$NotifyAfterEvaluate.run(LifecycleProjectEvaluator.java:253)
	at org.gradle.internal.operations.DefaultBuildOperationRunner$1.execute(DefaultBuildOperationRunner.java:29)
	at org.gradle.internal.operations.DefaultBuildOperationRunner$1.execute(DefaultBuildOperationRunner.java:26)
	at org.gradle.internal.operations.DefaultBuildOperationRunner$2.execute(DefaultBuildOperationRunner.java:66)
	at org.gradle.internal.operations.DefaultBuildOperationRunner$2.execute(DefaultBuildOperationRunner.java:59)
	at org.gradle.internal.operations.DefaultBuildOperationRunner.execute(DefaultBuildOperationRunner.java:166)
	at org.gradle.internal.operations.DefaultBuildOperationRunner.execute(DefaultBuildOperationRunner.java:59)
	at org.gradle.internal.operations.DefaultBuildOperationRunner.run(DefaultBuildOperationRunner.java:47)
	at org.gradle.configuration.project.LifecycleProjectEvaluator$EvaluateProject.lambda$run$0(LifecycleProjectEvaluator.java:114)
	at org.gradle.api.internal.project.DefaultProjectStateRegistry$ProjectStateImpl.lambda$applyToMutableState$1(DefaultProjectStateRegistry.java:407)
	at org.gradle.api.internal.project.DefaultProjectStateRegistry$ProjectStateImpl.lambda$fromMutableState$2(DefaultProjectStateRegistry.java:430)
	at org.gradle.internal.work.DefaultWorkerLeaseService.withReplacedLocks(DefaultWorkerLeaseService.java:360)
	at org.gradle.api.internal.project.DefaultProjectStateRegistry$ProjectStateImpl.fromMutableState(DefaultProjectStateRegistry.java:430)
	at org.gradle.api.internal.project.DefaultProjectStateRegistry$ProjectStateImpl.applyToMutableState(DefaultProjectStateRegistry.java:406)
	at org.gradle.configuration.project.LifecycleProjectEvaluator$EvaluateProject.run(LifecycleProjectEvaluator.java:100)
	at org.gradle.internal.operations.DefaultBuildOperationRunner$1.execute(DefaultBuildOperationRunner.java:29)
	at org.gradle.internal.operations.DefaultBuildOperationRunner$1.execute(DefaultBuildOperationRunner.java:26)
	at org.gradle.internal.operations.DefaultBuildOperationRunner$2.execute(DefaultBuildOperationRunner.java:66)
	at org.gradle.internal.operations.DefaultBuildOperationRunner$2.execute(DefaultBuildOperationRunner.java:59)
	at org.gradle.internal.operations.DefaultBuildOperationRunner.execute(DefaultBuildOperationRunner.java:166)
	at org.gradle.internal.operations.DefaultBuildOperationRunner.execute(DefaultBuildOperationRunner.java:59)
	at org.gradle.internal.operations.DefaultBuildOperationRunner.run(DefaultBuildOperationRunner.java:47)
	at org.gradle.configuration.project.LifecycleProjectEvaluator.evaluate(LifecycleProjectEvaluator.java:72)
	at org.gradle.api.internal.project.DefaultProject.evaluate(DefaultProject.java:785)
	at org.gradle.api.internal.project.DefaultProject.evaluate(DefaultProject.java:155)
	at org.gradle.api.internal.project.ProjectLifecycleController.lambda$ensureSelfConfigured$2(ProjectLifecycleController.java:84)
	at org.gradle.internal.model.StateTransitionController.lambda$doTransition$14(StateTransitionController.java:255)
	at org.gradle.internal.model.StateTransitionController.doTransition(StateTransitionController.java:266)
	at org.gradle.internal.model.StateTransitionController.doTransition(StateTransitionController.java:254)
	at org.gradle.internal.model.StateTransitionController.lambda$maybeTransitionIfNotCurrentlyTransitioning$10(StateTransitionController.java:199)
	at org.gradle.internal.work.DefaultSynchronizer.withLock(DefaultSynchronizer.java:34)
	at org.gradle.internal.model.StateTransitionController.maybeTransitionIfNotCurrentlyTransitioning(StateTransitionController.java:195)
	at org.gradle.api.internal.project.ProjectLifecycleController.ensureSelfConfigured(ProjectLifecycleController.java:84)
	at org.gradle.api.internal.project.DefaultProjectStateRegistry$ProjectStateImpl.ensureConfigured(DefaultProjectStateRegistry.java:381)
	at org.gradle.execution.TaskPathProjectEvaluator.configure(TaskPathProjectEvaluator.java:34)
	at org.gradle.execution.TaskPathProjectEvaluator.configureHierarchy(TaskPathProjectEvaluator.java:48)
	at org.gradle.configuration.DefaultProjectsPreparer.prepareProjects(DefaultProjectsPreparer.java:42)
	at org.gradle.configuration.BuildTreePreparingProjectsPreparer.prepareProjects(BuildTreePreparingProjectsPreparer.java:65)
	at org.gradle.configuration.BuildOperationFiringProjectsPreparer$ConfigureBuild.run(BuildOperationFiringProjectsPreparer.java:52)
	at org.gradle.internal.operations.DefaultBuildOperationRunner$1.execute(DefaultBuildOperationRunner.java:29)
	at org.gradle.internal.operations.DefaultBuildOperationRunner$1.execute(DefaultBuildOperationRunner.java:26)
	at org.gradle.internal.operations.DefaultBuildOperationRunner$2.execute(DefaultBuildOperationRunner.java:66)
	at org.gradle.internal.operations.DefaultBuildOperationRunner$2.execute(DefaultBuildOperationRunner.java:59)
	at org.gradle.internal.operations.DefaultBuildOperationRunner.execute(DefaultBuildOperationRunner.java:166)
	at org.gradle.internal.operations.DefaultBuildOperationRunner.execute(DefaultBuildOperationRunner.java:59)
	at org.gradle.internal.operations.DefaultBuildOperationRunner.run(DefaultBuildOperationRunner.java:47)
	at org.gradle.configuration.BuildOperationFiringProjectsPreparer.prepareProjects(BuildOperationFiringProjectsPreparer.java:40)
	at org.gradle.initialization.VintageBuildModelController.lambda$prepareProjects$2(VintageBuildModelController.java:84)
	at org.gradle.internal.model.StateTransitionController.lambda$doTransition$14(StateTransitionController.java:255)
	at org.gradle.internal.model.StateTransitionController.doTransition(StateTransitionController.java:266)
	at org.gradle.internal.model.StateTransitionController.doTransition(StateTransitionController.java:254)
	at org.gradle.internal.model.StateTransitionController.lambda$transitionIfNotPreviously$11(StateTransitionController.java:213)
	at org.gradle.internal.work.DefaultSynchronizer.withLock(DefaultSynchronizer.java:34)
	at org.gradle.internal.model.StateTransitionController.transitionIfNotPreviously(StateTransitionController.java:209)
	at org.gradle.initialization.VintageBuildModelController.prepareProjects(VintageBuildModelController.java:84)
	at org.gradle.initialization.VintageBuildModelController.prepareToScheduleTasks(VintageBuildModelController.java:71)
	at org.gradle.internal.build.DefaultBuildLifecycleController.lambda$prepareToScheduleTasks$6(DefaultBuildLifecycleController.java:175)
	at org.gradle.internal.model.StateTransitionController.lambda$doTransition$14(StateTransitionController.java:255)
	at org.gradle.internal.model.StateTransitionController.doTransition(StateTransitionController.java:266)
	at org.gradle.internal.model.StateTransitionController.doTransition(StateTransitionController.java:254)
	at org.gradle.internal.model.StateTransitionController.lambda$maybeTransition$9(StateTransitionController.java:190)
	at org.gradle.internal.work.DefaultSynchronizer.withLock(DefaultSynchronizer.java:34)
	at org.gradle.internal.model.StateTransitionController.maybeTransition(StateTransitionController.java:186)
	at org.gradle.internal.build.DefaultBuildLifecycleController.prepareToScheduleTasks(DefaultBuildLifecycleController.java:173)
	at org.gradle.internal.buildtree.DefaultBuildTreeWorkPreparer.scheduleRequestedTasks(DefaultBuildTreeWorkPreparer.java:36)
	at org.gradle.configurationcache.VintageBuildTreeWorkController$scheduleAndRunRequestedTasks$1.apply(VintageBuildTreeWorkController.kt:36)
	at org.gradle.configurationcache.VintageBuildTreeWorkController$scheduleAndRunRequestedTasks$1.apply(VintageBuildTreeWorkController.kt:35)
	at org.gradle.composite.internal.DefaultIncludedBuildTaskGraph.withNewWorkGraph(DefaultIncludedBuildTaskGraph.java:112)
	at org.gradle.configurationcache.VintageBuildTreeWorkController.scheduleAndRunRequestedTasks(VintageBuildTreeWorkController.kt:35)
	at org.gradle.internal.buildtree.DefaultBuildTreeLifecycleController.lambda$scheduleAndRunTasks$1(DefaultBuildTreeLifecycleController.java:77)
	at org.gradle.internal.buildtree.DefaultBuildTreeLifecycleController.lambda$runBuild$4(DefaultBuildTreeLifecycleController.java:120)
	at org.gradle.internal.model.StateTransitionController.lambda$transition$6(StateTransitionController.java:169)
	at org.gradle.internal.model.StateTransitionController.doTransition(StateTransitionController.java:266)
	at org.gradle.internal.model.StateTransitionController.lambda$transition$7(StateTransitionController.java:169)
	at org.gradle.internal.work.DefaultSynchronizer.withLock(DefaultSynchronizer.java:44)
	at org.gradle.internal.model.StateTransitionController.transition(StateTransitionController.java:169)
	at org.gradle.internal.buildtree.DefaultBuildTreeLifecycleController.runBuild(DefaultBuildTreeLifecycleController.java:117)
	at org.gradle.internal.buildtree.DefaultBuildTreeLifecycleController.scheduleAndRunTasks(DefaultBuildTreeLifecycleController.java:77)
	at org.gradle.internal.buildtree.DefaultBuildTreeLifecycleController.scheduleAndRunTasks(DefaultBuildTreeLifecycleController.java:72)
	at org.gradle.tooling.internal.provider.ExecuteBuildActionRunner.run(ExecuteBuildActionRunner.java:31)
	at org.gradle.launcher.exec.ChainingBuildActionRunner.run(ChainingBuildActionRunner.java:35)
	at org.gradle.internal.buildtree.ProblemReportingBuildActionRunner.run(ProblemReportingBuildActionRunner.java:49)
	at org.gradle.launcher.exec.BuildOutcomeReportingBuildActionRunner.run(BuildOutcomeReportingBuildActionRunner.java:65)
	at org.gradle.tooling.internal.provider.FileSystemWatchingBuildActionRunner.run(FileSystemWatchingBuildActionRunner.java:140)
	at org.gradle.launcher.exec.BuildCompletionNotifyingBuildActionRunner.run(BuildCompletionNotifyingBuildActionRunner.java:41)
	at org.gradle.launcher.exec.RootBuildLifecycleBuildActionExecutor.lambda$execute$0(RootBuildLifecycleBuildActionExecutor.java:40)
	at org.gradle.composite.internal.DefaultRootBuildState.run(DefaultRootBuildState.java:123)
	at org.gradle.launcher.exec.RootBuildLifecycleBuildActionExecutor.execute(RootBuildLifecycleBuildActionExecutor.java:40)
	at org.gradle.internal.buildtree.InitDeprecationLoggingActionExecutor.execute(InitDeprecationLoggingActionExecutor.java:66)
	at org.gradle.internal.buildtree.InitProblems.execute(InitProblems.java:36)
	at org.gradle.internal.buildtree.DefaultBuildTreeContext.execute(DefaultBuildTreeContext.java:40)
	at org.gradle.launcher.exec.BuildTreeLifecycleBuildActionExecutor.lambda$execute$0(BuildTreeLifecycleBuildActionExecutor.java:71)
	at org.gradle.internal.buildtree.BuildTreeState.run(BuildTreeState.java:60)
	at org.gradle.launcher.exec.BuildTreeLifecycleBuildActionExecutor.execute(BuildTreeLifecycleBuildActionExecutor.java:71)
	at org.gradle.launcher.exec.RunAsBuildOperationBuildActionExecutor$3.call(RunAsBuildOperationBuildActionExecutor.java:61)
	at org.gradle.launcher.exec.RunAsBuildOperationBuildActionExecutor$3.call(RunAsBuildOperationBuildActionExecutor.java:57)
	at org.gradle.internal.operations.DefaultBuildOperationRunner$CallableBuildOperationWorker.execute(DefaultBuildOperationRunner.java:209)
	at org.gradle.internal.operations.DefaultBuildOperationRunner$CallableBuildOperationWorker.execute(DefaultBuildOperationRunner.java:204)
	at org.gradle.internal.operations.DefaultBuildOperationRunner$2.execute(DefaultBuildOperationRunner.java:66)
	at org.gradle.internal.operations.DefaultBuildOperationRunner$2.execute(DefaultBuildOperationRunner.java:59)
	at org.gradle.internal.operations.DefaultBuildOperationRunner.execute(DefaultBuildOperationRunner.java:166)
	at org.gradle.internal.operations.DefaultBuildOperationRunner.execute(DefaultBuildOperationRunner.java:59)
	at org.gradle.internal.operations.DefaultBuildOperationRunner.call(DefaultBuildOperationRunner.java:53)
	at org.gradle.launcher.exec.RunAsBuildOperationBuildActionExecutor.execute(RunAsBuildOperationBuildActionExecutor.java:57)
	at org.gradle.launcher.exec.RunAsWorkerThreadBuildActionExecutor.lambda$execute$0(RunAsWorkerThreadBuildActionExecutor.java:36)
	at org.gradle.internal.work.DefaultWorkerLeaseService.withLocks(DefaultWorkerLeaseService.java:264)
	at org.gradle.internal.work.DefaultWorkerLeaseService.runAsWorkerThread(DefaultWorkerLeaseService.java:128)
	at org.gradle.launcher.exec.RunAsWorkerThreadBuildActionExecutor.execute(RunAsWorkerThreadBuildActionExecutor.java:36)
	at org.gradle.tooling.internal.provider.continuous.ContinuousBuildActionExecutor.execute(ContinuousBuildActionExecutor.java:110)
	at org.gradle.tooling.internal.provider.SubscribableBuildActionExecutor.execute(SubscribableBuildActionExecutor.java:64)
	at org.gradle.internal.session.DefaultBuildSessionContext.execute(DefaultBuildSessionContext.java:46)
	at org.gradle.tooling.internal.provider.BuildSessionLifecycleBuildActionExecuter$ActionImpl.apply(BuildSessionLifecycleBuildActionExecuter.java:92)
	at org.gradle.tooling.internal.provider.BuildSessionLifecycleBuildActionExecuter$ActionImpl.apply(BuildSessionLifecycleBuildActionExecuter.java:80)
	at org.gradle.internal.session.BuildSessionState.run(BuildSessionState.java:71)
	at org.gradle.tooling.internal.provider.BuildSessionLifecycleBuildActionExecuter.execute(BuildSessionLifecycleBuildActionExecuter.java:62)
	at org.gradle.tooling.internal.provider.BuildSessionLifecycleBuildActionExecuter.execute(BuildSessionLifecycleBuildActionExecuter.java:41)
	at org.gradle.tooling.internal.provider.StartParamsValidatingActionExecuter.execute(StartParamsValidatingActionExecuter.java:64)
	at org.gradle.tooling.internal.provider.StartParamsValidatingActionExecuter.execute(StartParamsValidatingActionExecuter.java:32)
	at org.gradle.tooling.internal.provider.SessionFailureReportingActionExecuter.execute(SessionFailureReportingActionExecuter.java:51)
	at org.gradle.tooling.internal.provider.SessionFailureReportingActionExecuter.execute(SessionFailureReportingActionExecuter.java:39)
	at org.gradle.tooling.internal.provider.SetupLoggingActionExecuter.execute(SetupLoggingActionExecuter.java:47)
	at org.gradle.tooling.internal.provider.SetupLoggingActionExecuter.execute(SetupLoggingActionExecuter.java:31)
	at org.gradle.launcher.daemon.server.exec.ExecuteBuild.doBuild(ExecuteBuild.java:65)
	at org.gradle.launcher.daemon.server.exec.BuildCommandOnly.execute(BuildCommandOnly.java:37)
	at org.gradle.launcher.daemon.server.api.DaemonCommandExecution.proceed(DaemonCommandExecution.java:104)
	at org.gradle.launcher.daemon.server.exec.WatchForDisconnection.execute(WatchForDisconnection.java:39)
	at org.gradle.launcher.daemon.server.api.DaemonCommandExecution.proceed(DaemonCommandExecution.java:104)
	at org.gradle.launcher.daemon.server.exec.ResetDeprecationLogger.execute(ResetDeprecationLogger.java:29)
	at org.gradle.launcher.daemon.server.api.DaemonCommandExecution.proceed(DaemonCommandExecution.java:104)
	at org.gradle.launcher.daemon.server.exec.RequestStopIfSingleUsedDaemon.execute(RequestStopIfSingleUsedDaemon.java:35)
	at org.gradle.launcher.daemon.server.api.DaemonCommandExecution.proceed(DaemonCommandExecution.java:104)
	at org.gradle.launcher.daemon.server.exec.ForwardClientInput.lambda$execute$0(ForwardClientInput.java:39)
	at org.gradle.launcher.daemon.server.clientinput.ClientInputForwarder.forwardInput(ClientInputForwarder.java:88)
	at org.gradle.launcher.daemon.server.exec.ForwardClientInput.execute(ForwardClientInput.java:36)
	at org.gradle.launcher.daemon.server.api.DaemonCommandExecution.proceed(DaemonCommandExecution.java:104)
	at org.gradle.launcher.daemon.server.exec.LogAndCheckHealth.execute(LogAndCheckHealth.java:53)
	at org.gradle.launcher.daemon.server.api.DaemonCommandExecution.proceed(DaemonCommandExecution.java:104)
	at org.gradle.launcher.daemon.server.exec.LogToClient.doBuild(LogToClient.java:63)
	at org.gradle.launcher.daemon.server.exec.BuildCommandOnly.execute(BuildCommandOnly.java:37)
	at org.gradle.launcher.daemon.server.api.DaemonCommandExecution.proceed(DaemonCommandExecution.java:104)
	at org.gradle.launcher.daemon.server.exec.EstablishBuildEnvironment.doBuild(EstablishBuildEnvironment.java:84)
	at org.gradle.launcher.daemon.server.exec.BuildCommandOnly.execute(BuildCommandOnly.java:37)
	at org.gradle.launcher.daemon.server.api.DaemonCommandExecution.proceed(DaemonCommandExecution.java:104)
	at org.gradle.launcher.daemon.server.exec.StartBuildOrRespondWithBusy$1.run(StartBuildOrRespondWithBusy.java:52)
	at org.gradle.launcher.daemon.server.DaemonStateCoordinator$1.run(DaemonStateCoordinator.java:297)
	at org.gradle.internal.concurrent.ExecutorPolicy$CatchAndRecordFailures.onExecute(ExecutorPolicy.java:64)
	at org.gradle.internal.concurrent.AbstractManagedExecutor$1.run(AbstractManagedExecutor.java:47)
	at java.base/java.util.concurrent.ThreadPoolExecutor.runWorker(ThreadPoolExecutor.java:1136)
	at java.base/java.util.concurrent.ThreadPoolExecutor$Worker.run(ThreadPoolExecutor.java:635)
	at java.base/java.lang.Thread.run(Thread.java:840)

> Task :compileJava
/workspace/scratch/f475cb512c28/dynasty/src/main/java/com/dynasty/structure/PalacePiece.java:29: warning: [removal] ResourceLocation(String,String) in ResourceLocation has been deprecated and marked for removal
    private static final ResourceLocation LOOT = new ResourceLocation("dynasty", "chests/dynasty_palace");
                                                 ^
/workspace/scratch/f475cb512c28/dynasty/src/main/java/com/dynasty/structure/CelestialObservatory.java:14: warning: [removal] ResourceLocation(String,String) in ResourceLocation has been deprecated and marked for removal
    private static final ResourceLocation LOOT = new ResourceLocation("dynasty", "chests/ritual_circle");
                                                 ^
/workspace/scratch/f475cb512c28/dynasty/src/main/java/com/dynasty/structure/StarAltarPiece.java:27: warning: [removal] ResourceLocation(String,String) in ResourceLocation has been deprecated and marked for removal
    private static final ResourceLocation LOOT = new ResourceLocation("dynasty", "chests/ritual_circle");
                                                 ^
/workspace/scratch/f475cb512c28/dynasty/src/main/java/com/dynasty/structure/TombPiece.java:26: warning: [removal] ResourceLocation(String,String) in ResourceLocation has been deprecated and marked for removal
    private static final ResourceLocation LOOT = new ResourceLocation("dynasty", "chests/imperial_mausoleum");
                                                 ^
/workspace/scratch/f475cb512c28/dynasty/src/main/java/com/dynasty/structure/VaultObservatoryGameTests.java:74: warning: [removal] ResourceLocation(String,String) in ResourceLocation has been deprecated and marked for removal
            if (!table.equals(new ResourceLocation("dynasty", "chests/imperial_mausoleum")))
                              ^
/workspace/scratch/f475cb512c28/dynasty/src/main/java/com/dynasty/structure/VaultObservatoryGameTests.java:87: warning: [removal] ResourceLocation(String,String) in ResourceLocation has been deprecated and marked for removal
            if (!table.equals(new ResourceLocation("dynasty", "chests/ritual_circle")))
                              ^
/workspace/scratch/f475cb512c28/dynasty/src/main/java/com/dynasty/structure/MausoleumVault.java:15: warning: [removal] ResourceLocation(String,String) in ResourceLocation has been deprecated and marked for removal
    private static final ResourceLocation LOOT = new ResourceLocation("dynasty", "chests/imperial_mausoleum");
                                                 ^
/workspace/scratch/f475cb512c28/dynasty/src/main/java/com/dynasty/structure/AcademyPiece.java:27: warning: [removal] ResourceLocation(String,String) in ResourceLocation has been deprecated and marked for removal
    private static final ResourceLocation LOOT = new ResourceLocation("dynasty", "chests/temple");
                                                 ^
/workspace/scratch/f475cb512c28/dynasty/src/main/java/com/dynasty/structure/WallGatePiece.java:28: warning: [removal] ResourceLocation(String,String) in ResourceLocation has been deprecated and marked for removal
    private static final ResourceLocation TURRET_LOOT = new ResourceLocation("dynasty", "chests/barracks");
                                                        ^
/workspace/scratch/f475cb512c28/dynasty/src/main/java/com/dynasty/structure/WallGatePiece.java:29: warning: [removal] ResourceLocation(String,String) in ResourceLocation has been deprecated and marked for removal
    private static final ResourceLocation TOWER_LOOT = new ResourceLocation("dynasty", "chests/watchtower");
                                                       ^
/workspace/scratch/f475cb512c28/dynasty/src/main/java/com/dynasty/structure/TravelSitePiece.java:29: warning: [removal] ResourceLocation(String) in ResourceLocation has been deprecated and marked for removal
    void loot(WorldGenLevel l,BoundingBox b,RandomSource r,int x,int y,int z,String table){createChest(l,b,r,x,y,z,new ResourceLocation(table));}
                                                                                                                   ^
/workspace/scratch/f475cb512c28/dynasty/src/main/java/com/dynasty/structure/BuildFeedbackGameTests.java:35: warning: [removal] ResourceLocation(String) in ResourceLocation has been deprecated and marked for removal
            for(String table:loot)h.assertTrue(h.getLevel().getServer().getLootData().getLootTable(new ResourceLocation(table))!=net.minecraft.world.level.storage.loot.LootTable.EMPTY,"Loot table absent: "+table);
                                                                                                   ^
/workspace/scratch/f475cb512c28/dynasty/src/main/java/com/dynasty/structure/AcademyLayoutGameTests.java:45: warning: [removal] ResourceLocation(String,String) in ResourceLocation has been deprecated and marked for removal
                new ResourceLocation("dynasty","star_dial")).equals(
                ^
/workspace/scratch/f475cb512c28/dynasty/src/main/java/com/dynasty/structure/MainHallPiece.java:27: warning: [removal] ResourceLocation(String,String) in ResourceLocation has been deprecated and marked for removal
    private static final ResourceLocation LOOT = new ResourceLocation("dynasty", "chests/dynasty_palace");
                                                 ^
/workspace/scratch/f475cb512c28/dynasty/src/main/java/com/dynasty/structure/PalaceLayoutGameTests.java:34: warning: [removal] ResourceLocation(String,String) in ResourceLocation has been deprecated and marked for removal
    private static final ResourceLocation PALACE_LOOT = new ResourceLocation("dynasty", "chests/dynasty_palace");
                                                        ^
/workspace/scratch/f475cb512c28/dynasty/src/main/java/com/dynasty/structure/StoneGrovePiece.java:27: warning: [removal] ResourceLocation(String,String) in ResourceLocation has been deprecated and marked for removal
    private static final ResourceLocation LOOT = new ResourceLocation("dynasty", "chests/imperial_tomb");
                                                 ^
/workspace/scratch/f475cb512c28/dynasty/src/main/java/com/dynasty/structure/AcademyCourtyard.java:15: warning: [removal] ResourceLocation(String,String) in ResourceLocation has been deprecated and marked for removal
    private static final ResourceLocation LOOT = new ResourceLocation("dynasty", "chests/temple");
                                                 ^
/workspace/scratch/f475cb512c28/dynasty/src/main/java/com/dynasty/structure/megabuild/NaturalSculptureGameTests.java:31: warning: [removal] ResourceLocation(String,String) in ResourceLocation has been deprecated and marked for removal
            var structure=registry.get(new ResourceLocation("dynasty",site.id()));
                                       ^
/workspace/scratch/f475cb512c28/dynasty/src/main/java/com/dynasty/structure/megabuild/MegabuildPiece.java:29: warning: [removal] ResourceLocation(String,String) in ResourceLocation has been deprecated and marked for removal
            new ResourceLocation(Dynasty.MODID, "chests/tiangong_common");
            ^
/workspace/scratch/f475cb512c28/dynasty/src/main/java/com/dynasty/structure/megabuild/MegabuildPiece.java:109: warning: [removal] ResourceLocation(String,String) in ResourceLocation has been deprecated and marked for removal
                            ? new ResourceLocation(Dynasty.MODID,"chests/tiangong_rich") : CHEST_TABLE);
                              ^
/workspace/scratch/f475cb512c28/dynasty/src/main/java/com/dynasty/structure/megabuild/MegabuildGameTests.java:111: warning: [removal] ResourceLocation(String,String) in ResourceLocation has been deprecated and marked for removal
            h.assertTrue(h.getLevel().registryAccess().registryOrThrow(net.minecraft.core.registries.Registries.STRUCTURE).containsKey(new ResourceLocation("dynasty",id)),"Missing structure "+id);
                                                                                                                                       ^
/workspace/scratch/f475cb512c28/dynasty/src/main/java/com/dynasty/structure/megabuild/MegabuildGameTests.java:113: warning: [removal] ResourceLocation(String,String) in ResourceLocation has been deprecated and marked for removal
            h.assertTrue(h.getLevel().getServer().getLootData().getLootTable(new ResourceLocation("dynasty","chests/"+id))!=net.minecraft.world.level.storage.loot.LootTable.EMPTY,"Missing loot");
                                                                             ^
/workspace/scratch/f475cb512c28/dynasty/src/main/java/com/dynasty/structure/megabuild/MegabuildGameTests.java:119: warning: [removal] ResourceLocation(String,String) in ResourceLocation has been deprecated and marked for removal
            var template=h.getLevel().getStructureManager().get(new ResourceLocation("dynasty",id));
                                                                ^
/workspace/scratch/f475cb512c28/dynasty/src/main/java/com/dynasty/structure/megabuild/MegabuildGameTests.java:158: warning: [removal] ResourceLocation(String,String) in ResourceLocation has been deprecated and marked for removal
            var table=h.getLevel().getServer().getLootData().getLootTable(new ResourceLocation("dynasty","chests/"+id));
                                                                          ^
/workspace/scratch/f475cb512c28/dynasty/src/main/java/com/dynasty/structure/megabuild/SculptureBlueprint.java:81: warning: [removal] ResourceLocation(String,String) in ResourceLocation has been deprecated and marked for removal
        try(var in=resources.getResourceOrThrow(new ResourceLocation("dynasty","sculptures/"+id+".json")).open()){
                                                ^
/workspace/scratch/f475cb512c28/dynasty/src/main/java/com/dynasty/structure/megabuild/SculptureBlueprint.java:83: warning: [removal] ResourceLocation(String,String) in ResourceLocation has been deprecated and marked for removal
        try(var in=resources.getResourceOrThrow(new ResourceLocation("dynasty","sculptures/"+id+".vox.gz")).open()){
                                                ^
/workspace/scratch/f475cb512c28/dynasty/src/main/java/com/dynasty/structure/megabuild/SculptureWorkshop.java:104: warning: [removal] ResourceLocation(String) in ResourceLocation has been deprecated and marked for removal
            level=server.getLevel(ResourceKey.create(Registries.DIMENSION,new ResourceLocation(data.dimension)));
                                                                          ^
/workspace/scratch/f475cb512c28/dynasty/src/main/java/com/dynasty/structure/megabuild/SculptureStorySites.java:63: warning: [removal] ResourceLocation(String,String) in ResourceLocation has been deprecated and marked for removal
            var adv=player.server.getAdvancements().getAdvancement(new ResourceLocation("dynasty","story_visit_"+id));
                                                                   ^
/workspace/scratch/f475cb512c28/dynasty/src/main/java/com/dynasty/structure/megabuild/CityRenovation.java:50: warning: [removal] ResourceLocation(String,String) in ResourceLocation has been deprecated and marked for removal
                        chest.setLootTable(new ResourceLocation("dynasty","chests/"+(next==Blueprint.Kind.RICH_CHEST?"tiangong_rich":"tiangong_common")),pos.asLong());
                                           ^
/workspace/scratch/f475cb512c28/dynasty/src/main/java/com/dynasty/structure/megabuild/SculptureStoryGameTests.java:22: warning: [removal] ResourceLocation(String,String) in ResourceLocation has been deprecated and marked for removal
        var adv=level.getServer().getAdvancements().getAdvancement(new net.minecraft.resources.ResourceLocation("dynasty","story_visit_yunqi_manor"));
                                                                   ^
/workspace/scratch/f475cb512c28/dynasty/src/main/java/com/dynasty/structure/megabuild/SculptureStoryGameTests.java:23: warning: [removal] ResourceLocation(String,String) in ResourceLocation has been deprecated and marked for removal
        var dragon=level.getServer().getAdvancements().getAdvancement(new net.minecraft.resources.ResourceLocation("dynasty","story_visit_longque_sanctuary"));
                                                                      ^
/workspace/scratch/f475cb512c28/dynasty/src/main/java/com/dynasty/structure/megabuild/SculptureStoryGameTests.java:72: warning: [removal] ResourceLocation(String,String) in ResourceLocation has been deprecated and marked for removal
            var adv=manager.getAdvancement(new net.minecraft.resources.ResourceLocation("dynasty","story_slay_"+mob));
                                           ^
/workspace/scratch/f475cb512c28/dynasty/src/main/java/com/dynasty/structure/megabuild/SculptureStoryGameTests.java:76: warning: [removal] ResourceLocation(String,String) in ResourceLocation has been deprecated and marked for removal
            var adv=manager.getAdvancement(new net.minecraft.resources.ResourceLocation("dynasty","story_visit_"+site));
                                           ^
/workspace/scratch/f475cb512c28/dynasty/src/main/java/com/dynasty/structure/megabuild/Cod6SculptureGameTests.java:12: warning: [removal] ResourceLocation(String,String) in ResourceLocation has been deprecated and marked for removal
            var set=registry.get(new ResourceLocation("dynasty",name));
                                 ^
/workspace/scratch/f475cb512c28/dynasty/src/main/java/com/dynasty/structure/megabuild/Cod6SculptureGameTests.java:37: warning: [removal] ResourceLocation(String,String) in ResourceLocation has been deprecated and marked for removal
        var structure=access.registryOrThrow(Registries.STRUCTURE).get(new ResourceLocation("dynasty","yunqi_manor"));
                                                                       ^
/workspace/scratch/f475cb512c28/dynasty/src/main/java/com/dynasty/structure/megabuild/NaturalSculptures.java:66: warning: [removal] ResourceLocation(String,String) in ResourceLocation has been deprecated and marked for removal
            var structure=registry.get(new net.minecraft.resources.ResourceLocation("dynasty",id));if(structure==null)continue;
                                       ^
/workspace/scratch/f475cb512c28/dynasty/src/main/java/com/dynasty/DynastySchoolProgression.java:97: warning: [removal] ResourceLocation(String,String) in ResourceLocation has been deprecated and marked for removal
                        new ResourceLocation(Dynasty.MODID, "school_" + path + "_rank_" + milestone));
                        ^
/workspace/scratch/f475cb512c28/dynasty/src/main/java/com/dynasty/DynastySchoolProgression.java:207: warning: [removal] ResourceLocation(String,String) in ResourceLocation has been deprecated and marked for removal
                new ResourceLocation(Dynasty.MODID, "build_" + path + "_trial"));
                ^
/workspace/scratch/f475cb512c28/dynasty/src/main/java/com/dynasty/DynastyWeaponGifts.java:88: warning: [removal] ResourceLocation(String,String) in ResourceLocation has been deprecated and marked for removal
        Item item = ForgeRegistries.ITEMS.getValue(new ResourceLocation(Dynasty.MODID, weapon));
                                                   ^
/workspace/scratch/f475cb512c28/dynasty/src/main/java/com/dynasty/entity/ImperialSoldierGameTests.java:134: warning: [removal] ResourceLocation(String,String) in ResourceLocation has been deprecated and marked for removal
            var biome = registry.get(new net.minecraft.resources.ResourceLocation(Dynasty.MODID, id));
                                     ^
/workspace/scratch/f475cb512c28/dynasty/src/main/java/com/dynasty/infusion/InfusionGameTests.java:20: warning: [removal] ResourceLocation(String,String) in ResourceLocation has been deprecated and marked for removal
    private static Item item(String id){return ForgeRegistries.ITEMS.getValue(new ResourceLocation("dynasty",id));}
                                                                              ^
/workspace/scratch/f475cb512c28/dynasty/src/main/java/com/dynasty/infusion/InfusionGameTests.java:51: warning: [removal] ResourceLocation(String,String) in ResourceLocation has been deprecated and marked for removal
        var adv=h.getLevel().getServer().getAdvancements().getAdvancement(new ResourceLocation("dynasty","get_jade"));p.getAdvancements().award(adv,"has_item");p.experienceLevel=9;
                                                                          ^
/workspace/scratch/f475cb512c28/dynasty/src/main/java/com/dynasty/infusion/InfusionGameTests.java:54: warning: [removal] ResourceLocation(String,String) in ResourceLocation has been deprecated and marked for removal
        h.assertTrue(p.getAdvancements().getOrStartProgress(h.getLevel().getServer().getAdvancements().getAdvancement(new ResourceLocation("dynasty","first_infusion"))).isDone(),"First use advances existing task bridge");h.assertTrue(p.experienceLevel==6&&m.material().getCount()==2,"Exactly 2 materials, 3 XP levels");
                                                                                                                      ^
/workspace/scratch/f475cb512c28/dynasty/src/main/java/com/dynasty/infusion/InfusionTraits.java:70: warning: [removal] ResourceLocation(String,String) in ResourceLocation has been deprecated and marked for removal
        var advancement=sp.server.getAdvancements().getAdvancement(new ResourceLocation("dynasty",id));
                                                                   ^
/workspace/scratch/f475cb512c28/dynasty/src/main/java/com/dynasty/QinglongDescent.java:34: warning: [removal] ResourceLocation(String,String) in ResourceLocation has been deprecated and marked for removal
            new ResourceLocation(Dynasty.MODID,"qinglong_descent"));
            ^
/workspace/scratch/f475cb512c28/dynasty/src/main/java/com/dynasty/DynastyKeju.java:48: warning: [removal] ResourceLocation(String,String) in ResourceLocation has been deprecated and marked for removal
    public static final ResourceLocation BANK_LOCATION = new ResourceLocation("dynasty", "keju/questions.json");
                                                         ^
/workspace/scratch/f475cb512c28/dynasty/src/main/java/com/dynasty/client/ClientGuide.java:21: warning: [removal] ResourceLocation(String,String) in ResourceLocation has been deprecated and marked for removal
                        .invoke(instance, new net.minecraft.resources.ResourceLocation("dynasty", "imperial_codex"));
                                          ^
/workspace/scratch/f475cb512c28/dynasty/src/main/java/com/dynasty/client/DynastyTitleScreen.java:31: warning: [removal] ResourceLocation(String,String) in ResourceLocation has been deprecated and marked for removal
    static final ResourceLocation BACKGROUND = new ResourceLocation(Dynasty.MODID, "textures/gui/title/imperial-dawn.png");
                                               ^
/workspace/scratch/f475cb512c28/dynasty/src/main/java/com/dynasty/workshop/WorkshopRecipes.java:12: warning: [removal] ResourceLocation(String) in ResourceLocation has been deprecated and marked for removal
        public ItemStack stack(){return new ItemStack(ForgeRegistries.ITEMS.getValue(new ResourceLocation(id)),count);}
                                                                                     ^
/workspace/scratch/f475cb512c28/dynasty/src/main/java/com/dynasty/client/DragonEmperorRenderer.java:6: warning: [removal] ResourceLocation(String,String) in ResourceLocation has been deprecated and marked for removal
    private static final ResourceLocation TEXTURE=new ResourceLocation("dynasty","textures/entity/dragon_emperor.png");
                                                  ^
/workspace/scratch/f475cb512c28/dynasty/src/main/java/com/dynasty/client/BountyBoardScreen.java:207: warning: [removal] ResourceLocation(String) in ResourceLocation has been deprecated and marked for removal
                    new net.minecraft.resources.ResourceLocation(stack.item));
                    ^
/workspace/scratch/f475cb512c28/dynasty/src/main/java/com/dynasty/client/character/DynastyCharacterRenderer.java:16: warning: [removal] ResourceLocation(String,String) in ResourceLocation has been deprecated and marked for removal
    private static final ResourceLocation SURFACE=new ResourceLocation("minecraft","textures/block/white_concrete.png");
                                                  ^
/workspace/scratch/f475cb512c28/dynasty/src/main/java/com/dynasty/client/ZhenyuanNodeRenderer.java:242: warning: [removal] ResourceLocation(String,String) in ResourceLocation has been deprecated and marked for removal
            var item=slot==4?ZhenyuanRitualContent.TIANMING_JADE.get():ForgeRegistries.ITEMS.getValue(new ResourceLocation("dynasty",OFFERINGS[slot]));
                                                                                                      ^
/workspace/scratch/f475cb512c28/dynasty/src/main/java/com/dynasty/client/ZhenyuanNodeRenderer.java:418: warning: [removal] ResourceLocation(String,String) in ResourceLocation has been deprecated and marked for removal
        var item=ForgeRegistries.ITEMS.getValue(new ResourceLocation(Dynasty.MODID,OFFERINGS[node.getSlot()]));
                                                ^
/workspace/scratch/f475cb512c28/dynasty/src/main/java/com/dynasty/client/Cod3NpcRenderer.java:17: warning: [removal] ResourceLocation(String,String) in ResourceLocation has been deprecated and marked for removal
        public ResourceLocation getModelResource(DynastyNpcEntity e){return new ResourceLocation(Dynasty.MODID,"geo/npc/"+e.role+".geo.json");}
                                                                            ^
/workspace/scratch/f475cb512c28/dynasty/src/main/java/com/dynasty/client/Cod3NpcRenderer.java:18: warning: [removal] ResourceLocation(String,String) in ResourceLocation has been deprecated and marked for removal
        public ResourceLocation getTextureResource(DynastyNpcEntity e){return new ResourceLocation(Dynasty.MODID,"textures/entity/npc/"+e.role+".png");}
                                                                              ^
/workspace/scratch/f475cb512c28/dynasty/src/main/java/com/dynasty/client/Cod3NpcRenderer.java:19: warning: [removal] ResourceLocation(String,String) in ResourceLocation has been deprecated and marked for removal
        public ResourceLocation getAnimationResource(DynastyNpcEntity e){return new ResourceLocation(Dynasty.MODID,"animations/npc/"+e.role+".animation.json");}
                                                                                ^
/workspace/scratch/f475cb512c28/dynasty/src/main/java/com/dynasty/cod3/DynastyNpcEntity.java:86: warning: [removal] ResourceLocation(String,String) in ResourceLocation has been deprecated and marked for removal
    private Item item(String name){return ForgeRegistries.ITEMS.getValue(new net.minecraft.resources.ResourceLocation("dynasty",name));}
                                                                         ^
/workspace/scratch/f475cb512c28/dynasty/src/main/java/com/dynasty/client/ImperialMaterialShader.java:22: warning: [removal] ResourceLocation(String,String) in ResourceLocation has been deprecated and marked for removal
    private static final ResourceLocation BROCADE=new ResourceLocation(Dynasty.MODID,"textures/effect/guanyu_brocade.png");
                                                  ^
/workspace/scratch/f475cb512c28/dynasty/src/main/java/com/dynasty/client/ImperialMaterialShader.java:31: warning: [removal] ResourceLocation(String,String) in ResourceLocation has been deprecated and marked for removal
                new ResourceLocation(Dynasty.MODID,"imperial_material"),DefaultVertexFormat.POSITION_COLOR_NORMAL),
                ^
/workspace/scratch/f475cb512c28/dynasty/src/main/java/com/dynasty/client/ImperialMaterialShader.java:34: warning: [removal] ResourceLocation(String,String) in ResourceLocation has been deprecated and marked for removal
                new ResourceLocation(Dynasty.MODID,"imperial_glow"),DefaultVertexFormat.POSITION_COLOR),shader->glow=shader);
                ^
/workspace/scratch/f475cb512c28/dynasty/src/main/java/com/dynasty/SchoolCombatGameTests.java:110: warning: [removal] ResourceLocation(String,String) in ResourceLocation has been deprecated and marked for removal
    private static Item accessory(String id) { return ForgeRegistries.ITEMS.getValue(new ResourceLocation(Dynasty.MODID, id)); }
                                                                                     ^
/workspace/scratch/f475cb512c28/dynasty/src/main/java/com/dynasty/SchoolCombatGameTests.java:157: warning: [removal] ResourceLocation(String,String) in ResourceLocation has been deprecated and marked for removal
                h.assertTrue(h.getLevel().getRecipeManager().byKey(new ResourceLocation("dynasty",ids[i])).isPresent(),"Recipe loaded: "+ids[i]);
                                                                   ^
/workspace/scratch/f475cb512c28/dynasty/src/main/java/com/dynasty/SchoolCombatGameTests.java:190: warning: [removal] ResourceLocation(String,String) in ResourceLocation has been deprecated and marked for removal
            var recipe=(net.minecraft.world.item.crafting.SmithingRecipe)h.getLevel().getRecipeManager().byKey(new ResourceLocation("dynasty","wanjun_ring")).orElseThrow();
                                                                                                               ^
/workspace/scratch/f475cb512c28/dynasty/src/main/java/com/dynasty/SchoolCombatGameTests.java:226: warning: [removal] ResourceLocation(String,String) in ResourceLocation has been deprecated and marked for removal
            var adv=p.server.getAdvancements().getAdvancement(new ResourceLocation("dynasty","refine_sword_15"));
                                                              ^
/workspace/scratch/f475cb512c28/dynasty/src/main/java/com/dynasty/SchoolCombatGameTests.java:228: warning: [removal] ResourceLocation(String,String) in ResourceLocation has been deprecated and marked for removal
            adv=p.server.getAdvancements().getAdvancement(new ResourceLocation("dynasty","refine_sword_30"));
                                                          ^
/workspace/scratch/f475cb512c28/dynasty/src/main/java/com/dynasty/SchoolCombatGameTests.java:281: warning: [removal] ResourceLocation(String,String) in ResourceLocation has been deprecated and marked for removal
                        .byKey(new ResourceLocation("dynasty","branch_"+spec[0]+(step==0?"":"_advance"))).orElseThrow();
                               ^
/workspace/scratch/f475cb512c28/dynasty/src/main/java/com/dynasty/SchoolCombatGameTests.java:338: warning: [removal] ResourceLocation(String,String) in ResourceLocation has been deprecated and marked for removal
                    .byKey(new ResourceLocation("dynasty","evolution_path_"+path[0])).orElseThrow();
                           ^
/workspace/scratch/f475cb512c28/dynasty/src/main/java/com/dynasty/SchoolCombatGameTests.java:375: warning: [removal] ResourceLocation(String,String) in ResourceLocation has been deprecated and marked for removal
            var recipe=h.getLevel().getRecipeManager().byKey(new ResourceLocation("dynasty","evolve_sword_1")).orElseThrow();
                                                             ^
/workspace/scratch/f475cb512c28/dynasty/src/main/java/com/dynasty/SchoolCombatGameTests.java:602: warning: [removal] ResourceLocation(String,String) in ResourceLocation has been deprecated and marked for removal
            var advancement = h.getLevel().getServer().getAdvancements().getAdvancement(new ResourceLocation(Dynasty.MODID, "build_sword_trial"));
                                                                                        ^
/workspace/scratch/f475cb512c28/dynasty/src/main/java/com/dynasty/SchoolCombatGameTests.java:675: warning: [removal] ResourceLocation(String,String) in ResourceLocation has been deprecated and marked for removal
                var type = ForgeRegistries.ENTITY_TYPES.getValue(new ResourceLocation(Dynasty.MODID, id));
                                                                 ^
/workspace/scratch/f475cb512c28/dynasty/src/main/java/com/dynasty/SchoolCombatGameTests.java:680: warning: [removal] ResourceLocation(String,String) in ResourceLocation has been deprecated and marked for removal
            var type = ForgeRegistries.ENTITY_TYPES.getValue(new ResourceLocation(Dynasty.MODID, "imperial_soldier"));
                                                             ^
/workspace/scratch/f475cb512c28/dynasty/src/main/java/com/dynasty/SchoolCombatGameTests.java:771: warning: [removal] ResourceLocation(String,String) in ResourceLocation has been deprecated and marked for removal
                    new ResourceLocation(Dynasty.MODID, "solar_judgment"));
                    ^
/workspace/scratch/f475cb512c28/dynasty/src/main/java/com/dynasty/SchoolCombatGameTests.java:781: warning: [removal] ResourceLocation(String,String) in ResourceLocation has been deprecated and marked for removal
                    new ResourceLocation(Dynasty.MODID, "qinglong_descent"));
                    ^
/workspace/scratch/f475cb512c28/dynasty/src/main/java/com/dynasty/DynastyCompassBridge.java:71: warning: [removal] ResourceLocation(String,String) in ResourceLocation has been deprecated and marked for removal
        if(!new ResourceLocation(mod,mod).equals(ForgeRegistries.ITEMS.getKey(stack.getItem()))) {
            ^
/workspace/scratch/f475cb512c28/dynasty/src/main/java/com/dynasty/DynastyCompassBridge.java:85: warning: [removal] ResourceLocation(String,String) in ResourceLocation has been deprecated and marked for removal
            var target=new ResourceLocation("dynasty",d.target);
                       ^
/workspace/scratch/f475cb512c28/dynasty/src/main/java/com/dynasty/DynastyCompassBridge.java:115: warning: [removal] ResourceLocation(String) in ResourceLocation has been deprecated and marked for removal
        return dimension.contains(":") ? new ResourceLocation(dimension) : new ResourceLocation("dynasty", dimension);
                                         ^
/workspace/scratch/f475cb512c28/dynasty/src/main/java/com/dynasty/DynastyCompassBridge.java:115: warning: [removal] ResourceLocation(String,String) in ResourceLocation has been deprecated and marked for removal
        return dimension.contains(":") ? new ResourceLocation(dimension) : new ResourceLocation("dynasty", dimension);
                                                                           ^
/workspace/scratch/f475cb512c28/dynasty/src/main/java/com/dynasty/puzzle/PuzzleRuinPiece.java:41: warning: [removal] ResourceLocation(String,String) in ResourceLocation has been deprecated and marked for removal
            new net.minecraft.resources.ResourceLocation("dynasty", "puzzles/treasury_materials");
            ^
/workspace/scratch/f475cb512c28/dynasty/src/main/java/com/dynasty/puzzle/PuzzleService.java:56: warning: [removal] ResourceLocation(String,String) in ResourceLocation has been deprecated and marked for removal
    public static final ResourceLocation REWARD_TABLE = new ResourceLocation(Dynasty.MODID, "puzzles/ruin_reward");
                                                        ^
/workspace/scratch/f475cb512c28/dynasty/src/main/java/com/dynasty/puzzle/PuzzleService.java:313: warning: [removal] ResourceLocation(String,String) in ResourceLocation has been deprecated and marked for removal
        return new ResourceLocation(Dynasty.MODID, "puzzles/" + theme + "_tier" + PuzzleRules.wrap(layout));
               ^
/workspace/scratch/f475cb512c28/dynasty/src/main/java/com/dynasty/puzzle/PuzzleService.java:341: warning: [removal] ResourceLocation(String) in ResourceLocation has been deprecated and marked for removal
            Item item = ForgeRegistries.ITEMS.getValue(new ResourceLocation(parts[0]));
                                                       ^
/workspace/scratch/f475cb512c28/dynasty/src/main/java/com/dynasty/DynastyTabs.java:32: warning: [removal] ResourceLocation(String,String) in ResourceLocation has been deprecated and marked for removal
                    var key = new net.minecraft.resources.ResourceLocation(mod, mod);
                              ^
/workspace/scratch/f475cb512c28/dynasty/src/main/java/com/dynasty/blueprint/TemplateContentDefinitions.java:14: warning: [removal] ResourceLocation(String) in ResourceLocation has been deprecated and marked for removal
    private static ResourceLocation tag(String id) {return new ResourceLocation(id);}
                                                           ^
/workspace/scratch/f475cb512c28/dynasty/src/main/java/com/dynasty/blueprint/BlueprintFrameworkGameTests.java:61: warning: [removal] ResourceLocation(String,String) in ResourceLocation has been deprecated and marked for removal
        var data=new BlueprintVisualEvent(new ResourceLocation("minecraft","overworld"),17,UUID.randomUUID(),18,
                                          ^
/workspace/scratch/f475cb512c28/dynasty/src/main/java/com/dynasty/blueprint/CorpseGameTests.java:85: warning: [removal] ResourceLocation(String,String) in ResourceLocation has been deprecated and marked for removal
        var level=h.getLevel();var id=new net.minecraft.resources.ResourceLocation("dynasty","imperial_tomb");
                                      ^
/workspace/scratch/f475cb512c28/dynasty/src/main/java/com/dynasty/blueprint/client/RootSnareRenderer.java:12: warning: [removal] ResourceLocation(String,String) in ResourceLocation has been deprecated and marked for removal
            @Override public ResourceLocation getModelResource(RootSnare cage){return new ResourceLocation("dynasty","geo/blueprint/root_snare.geo.json");}
                                                                                      ^
/workspace/scratch/f475cb512c28/dynasty/src/main/java/com/dynasty/blueprint/client/RootSnareRenderer.java:13: warning: [removal] ResourceLocation(String,String) in ResourceLocation has been deprecated and marked for removal
            @Override public ResourceLocation getAnimationResource(RootSnare cage){return new ResourceLocation("dynasty","animations/blueprint/root_snare.animation.json");}
                                                                                          ^
/workspace/scratch/f475cb512c28/dynasty/src/main/java/com/dynasty/blueprint/client/RootSnareRenderer.java:14: warning: [removal] ResourceLocation(String,String) in ResourceLocation has been deprecated and marked for removal
            @Override public ResourceLocation getTextureResource(RootSnare cage){return new ResourceLocation("dynasty","textures/entity/nian_beast.png");}
                                                                                        ^
/workspace/scratch/f475cb512c28/dynasty/src/main/java/com/dynasty/blueprint/client/TemplateMobModel.java:22: warning: [removal] ResourceLocation(String,String) in ResourceLocation has been deprecated and marked for removal
        return new ResourceLocation("dynasty", "geo/blueprint/" + mob.blueprintId() + ".geo.json");
               ^
/workspace/scratch/f475cb512c28/dynasty/src/main/java/com/dynasty/blueprint/client/TemplateMobModel.java:26: warning: [removal] ResourceLocation(String,String) in ResourceLocation has been deprecated and marked for removal
        return new ResourceLocation("dynasty", "animations/blueprint/" + mob.blueprintId() + ".animation.json");
               ^
/workspace/scratch/f475cb512c28/dynasty/src/main/java/com/dynasty/blueprint/client/TemplateMobModel.java:41: warning: [removal] ResourceLocation(String,String) in ResourceLocation has been deprecated and marked for removal
        return new ResourceLocation("dynasty", "textures/entity/" + atlas + ".png");
               ^
/workspace/scratch/f475cb512c28/dynasty/src/main/java/com/dynasty/blueprint/BlueprintSpawns.java:26: warning: [removal] ResourceLocation(String,String) in ResourceLocation has been deprecated and marked for removal
    private static final TagKey<Structure> MILITARY=TagKey.create(Registries.STRUCTURE,new ResourceLocation("dynasty","blueprint/military_sites"));
                                                                                       ^
/workspace/scratch/f475cb512c28/dynasty/src/main/java/com/dynasty/blueprint/BlueprintSpawns.java:27: warning: [removal] ResourceLocation(String,String) in ResourceLocation has been deprecated and marked for removal
    private static final TagKey<Structure> RITUAL=TagKey.create(Registries.STRUCTURE,new ResourceLocation("dynasty","blueprint/ritual_sites"));
                                                                                     ^
/workspace/scratch/f475cb512c28/dynasty/src/main/java/com/dynasty/blueprint/BlueprintSpawns.java:28: warning: [removal] ResourceLocation(String,String) in ResourceLocation has been deprecated and marked for removal
    private static final TagKey<Structure> BATTLEFIELD=TagKey.create(Registries.STRUCTURE,new ResourceLocation("dynasty","blueprint/battlefields"));
                                                                                          ^
/workspace/scratch/f475cb512c28/dynasty/src/main/java/com/dynasty/blueprint/BlueprintSpawns.java:29: warning: [removal] ResourceLocation(String,String) in ResourceLocation has been deprecated and marked for removal
    private static final TagKey<Structure> TOMBS=TagKey.create(Registries.STRUCTURE,new ResourceLocation("dynasty","dungeons/chensha_garrisons"));
                                                                                    ^
/workspace/scratch/f475cb512c28/dynasty/src/main/java/com/dynasty/blueprint/BlueprintSpawns.java:30: warning: [removal] ResourceLocation(String,String) in ResourceLocation has been deprecated and marked for removal
    private static final TagKey<Structure> GUARDS=TagKey.create(Registries.STRUCTURE,new ResourceLocation("dynasty","blueprint/rebel_guard_sites"));
                                                                                     ^
/workspace/scratch/f475cb512c28/dynasty/src/main/java/com/dynasty/blueprint/BlueprintSpawns.java:31: warning: [removal] ResourceLocation(String,String) in ResourceLocation has been deprecated and marked for removal
    private static final TagKey<Structure> GHOSTS=TagKey.create(Registries.STRUCTURE,new ResourceLocation("dynasty","blueprint/ghost_sites"));
                                                                                     ^
/workspace/scratch/f475cb512c28/dynasty/src/main/java/com/dynasty/blueprint/BlueprintSpawns.java:32: warning: [removal] ResourceLocation(String,String) in ResourceLocation has been deprecated and marked for removal
    private static final TagKey<Structure> CORPSES=TagKey.create(Registries.STRUCTURE,new ResourceLocation("dynasty","blueprint/corpse_sites"));
                                                                                      ^
/workspace/scratch/f475cb512c28/dynasty/src/main/java/com/dynasty/blueprint/BlueprintSpawns.java:33: warning: [removal] ResourceLocation(String,String) in ResourceLocation has been deprecated and marked for removal
    private static final TagKey<Structure> CHILDREN=TagKey.create(Registries.STRUCTURE,new ResourceLocation("dynasty","blueprint/shroud_child_sites"));
                                                                                       ^
Note: Some input files use or override a deprecated API.
Note: Recompile with -Xlint:deprecation for details.
Note: Some input files additionally use or override a deprecated API that is marked for removal.
100 warnings

> Task :processResources
> Task :classes
> Task :jar
> Task :downloadMcpConfig
> Task :extractSrg
> Task :createMcpToSrg
> Task :reobfJar
> Task :jarJar SKIPPED
> Task :reobfJarJar SKIPPED
> Task :assemble
> Task :compileTestJava NO-SOURCE
> Task :processTestResources NO-SOURCE
> Task :testClasses UP-TO-DATE
> Task :test NO-SOURCE
> Task :check UP-TO-DATE
> Task :build

Deprecated Gradle features were used in this build, making it incompatible with Gradle 9.0.

You can use '--warning-mode all' to show the individual deprecation warnings and determine if they come from your own scripts or plugins.

For more on this, please refer to https://docs.gradle.org/8.8/userguide/command_line_interface.html#sec:command_line_warnings in the Gradle documentation.

BUILD SUCCESSFUL in 33s
7 actionable tasks: 7 executed
